{
  "root_module": {
    "child_modules": [
      {
        "address": "module.test_nonprod",
        "resources": [
          {
            "address": "module.test_nonprod.aws_ec2_transit_gateway.core_tgw",
            "mode": "managed",
            "name": "core_tgw",
            "provider_name": "registry.opentofu.org/hashicorp/aws",
            "schema_version": 0,
            "sensitive_values": {
              "tags": {},
              "tags_all": {}
            },
            "type": "aws_ec2_transit_gateway",
            "values": {
              "amazon_side_asn": 64512,
              "auto_accept_shared_attachments": "disable",
              "default_route_table_association": "enable",
              "default_route_table_propagation": "enable",
              "description": "core network transit gateway",
              "dns_support": "enable",
              "multicast_support": "disable",
              "region": "eu-west-1",
              "security_group_referencing_support": "disable",
              "tags": {
                "Name": "nonprod",
                "cost_center": "1979",
                "environment": "joe's garage - nonprod",
                "owner": "frank zappa"
              },
              "tags_all": {
                "Name": "nonprod",
                "cost_center": "1979",
                "environment": "joe's garage - nonprod",
                "owner": "frank zappa"
              },
              "timeouts": null,
              "transit_gateway_cidr_blocks": null,
              "vpn_ecmp_support": "enable"
            }
          },
          {
            "address": "module.test_nonprod.aws_ec2_transit_gateway_route_table.inspection",
            "mode": "managed",
            "name": "inspection",
            "provider_name": "registry.opentofu.org/hashicorp/aws",
            "schema_version": 0,
            "sensitive_values": {
              "tags": {},
              "tags_all": {}
            },
            "type": "aws_ec2_transit_gateway_route_table",
            "values": {
              "region": "eu-west-1",
              "tags": {
                "Name": "nonprod-inspection",
                "cost_center": "1979",
                "environment": "joe's garage - nonprod",
                "owner": "frank zappa"
              },
              "tags_all": {
                "Name": "nonprod-inspection",
                "cost_center": "1979",
                "environment": "joe's garage - nonprod",
                "owner": "frank zappa"
              }
            }
          }
        ]
      },
      {
        "address": "module.test_prod",
        "resources": [
          {
            "address": "module.test_prod.aws_ec2_transit_gateway.core_tgw",
            "mode": "managed",
            "name": "core_tgw",
            "provider_name": "registry.opentofu.org/hashicorp/aws",
            "schema_version": 0,
            "sensitive_values": {
              "tags": {},
              "tags_all": {}
            },
            "type": "aws_ec2_transit_gateway",
            "values": {
              "amazon_side_asn": 64512,
              "auto_accept_shared_attachments": "disable",
              "default_route_table_association": "enable",
              "default_route_table_propagation": "enable",
              "description": "core network transit gateway",
              "dns_support": "enable",
              "multicast_support": "disable",
              "region": "eu-west-1",
              "security_group_referencing_support": "disable",
              "tags": {
                "Name": "prod",
                "cost_center": "1979",
                "environment": "joe's garage - prod",
                "owner": "frank zappa"
              },
              "tags_all": {
                "Name": "prod",
                "cost_center": "1979",
                "environment": "joe's garage - prod",
                "owner": "frank zappa"
              },
              "timeouts": null,
              "transit_gateway_cidr_blocks": null,
              "vpn_ecmp_support": "enable"
            }
          },
          {
            "address": "module.test_prod.aws_ec2_transit_gateway_route.aggregation[0]",
            "index": 0,
            "mode": "managed",
            "name": "aggregation",
            "provider_name": "registry.opentofu.org/hashicorp/aws",
            "schema_version": 0,
            "sensitive_values": {},
            "type": "aws_ec2_transit_gateway_route",
            "values": {
              "blackhole": false,
              "destination_cidr_block": "0.0.0.0/0",
              "region": "eu-west-1"
            }
          },
          {
            "address": "module.test_prod.aws_ec2_transit_gateway_route_table.inspection",
            "mode": "managed",
            "name": "inspection",
            "provider_name": "registry.opentofu.org/hashicorp/aws",
            "schema_version": 0,
            "sensitive_values": {
              "tags": {},
              "tags_all": {}
            },
            "type": "aws_ec2_transit_gateway_route_table",
            "values": {
              "region": "eu-west-1",
              "tags": {
                "Name": "prod-inspection",
                "cost_center": "1979",
                "environment": "joe's garage - prod",
                "owner": "frank zappa"
              },
              "tags_all": {
                "Name": "prod-inspection",
                "cost_center": "1979",
                "environment": "joe's garage - prod",
                "owner": "frank zappa"
              }
            }
          },
          {
            "address": "module.test_prod.aws_ec2_transit_gateway_route_table_association.inspection[0]",
            "index": 0,
            "mode": "managed",
            "name": "inspection",
            "provider_name": "registry.opentofu.org/hashicorp/aws",
            "schema_version": 0,
            "sensitive_values": {},
            "type": "aws_ec2_transit_gateway_route_table_association",
            "values": {
              "region": "eu-west-1",
              "replace_existing_association": false
            }
          },
          {
            "address": "module.test_prod.aws_networkfirewall_firewall.inspection[0]",
            "index": 0,
            "mode": "managed",
            "name": "inspection",
            "provider_name": "registry.opentofu.org/hashicorp/aws",
            "schema_version": 0,
            "sensitive_values": {
              "availability_zone_mapping": [
                {},
                {}
              ],
              "encryption_configuration": [],
              "firewall_status": [],
              "subnet_mapping": [],
              "tags": {},
              "tags_all": {}
            },
            "type": "aws_networkfirewall_firewall",
            "values": {
              "availability_zone_change_protection": false,
              "availability_zone_mapping": [
                {
                  "availability_zone_id": "euw1-az2"
                },
                {
                  "availability_zone_id": "euw1-az3"
                }
              ],
              "delete_protection": false,
              "description": null,
              "encryption_configuration": [],
              "firewall_policy_arn": "arn:aws:network-firewall:eu-west-1:123456789012:firewall-policy/east-west-prod",
              "firewall_policy_change_protection": null,
              "name": "prod",
              "region": "eu-west-1",
              "subnet_change_protection": null,
              "subnet_mapping": [],
              "tags": {
                "cost_center": "1979",
                "environment": "joe's garage - prod",
                "owner": "frank zappa"
              },
              "tags_all": {
                "cost_center": "1979",
                "environment": "joe's garage - prod",
                "owner": "frank zappa"
              },
              "timeouts": null,
              "vpc_id": null
            }
          }
        ]
      }
    ]
  }
}
